[0m13:42:43.657347 [debug] [MainThread]: Sending event: {'category': 'dbt', 'action': 'invocation', 'label': 'start', 'context': [<snowplow_tracker.self_describing_json.SelfDescribingJson object at 0x00000255586BB680>, <snowplow_tracker.self_describing_json.SelfDescribingJson object at 0x000002555A99CB00>, <snowplow_tracker.self_describing_json.SelfDescribingJson object at 0x00000255580C1C10>]}


============================== 13:42:43.663689 | 499bbbb3-6f44-49d2-9cdf-3ae08dcfbd22 ==============================
[0m13:42:43.663689 [info ] [MainThread]: Running with dbt=1.8.7
[0m13:42:43.670547 [debug] [MainThread]: running dbt with arguments {'printer_width': '80', 'indirect_selection': 'eager', 'log_cache_events': 'False', 'write_json': 'True', 'partial_parse': 'True', 'cache_selected_only': 'False', 'profiles_dir': 'C:\\Users\\Iheb\\.dbt', 'debug': 'False', 'version_check': 'True', 'log_path': 'logs', 'fail_fast': 'False', 'warn_error': 'None', 'use_colors': 'True', 'use_experimental_parser': 'False', 'empty': 'None', 'quiet': 'False', 'no_print': 'None', 'warn_error_options': 'WarnErrorOptions(include=[], exclude=[])', 'invocation_command': 'dbt ', 'static_parser': 'True', 'introspect': 'True', 'target_path': 'None', 'log_format': 'default', 'send_anonymous_usage_stats': 'True'}
[0m13:42:43.671827 [error] [MainThread]: Encountered an error:
Runtime Error
  No dbt_project.yml found at expected path c:\Users\Iheb\Desktop\Analytics\Projects\DeltaStore\deltastore_dbt_transformation\dbt_packages\dbt-utils-1.3.0\integration_tests\dbt_project.yml
  Verify that each entry within packages.yml (and their transitive dependencies) contains a file named dbt_project.yml
  
[0m13:42:43.671827 [debug] [MainThread]: Command `cli deps` failed at 13:42:43.671827 after 1.76 seconds
[0m13:42:43.671827 [debug] [MainThread]: Sending event: {'category': 'dbt', 'action': 'invocation', 'label': 'end', 'context': [<snowplow_tracker.self_describing_json.SelfDescribingJson object at 0x000002555B001EB0>, <snowplow_tracker.self_describing_json.SelfDescribingJson object at 0x000002555AEC25D0>, <snowplow_tracker.self_describing_json.SelfDescribingJson object at 0x000002555888E030>]}
[0m13:42:43.671827 [debug] [MainThread]: Flushing usage events
[0m13:42:46.771100 [debug] [MainThread]: Sending event: {'category': 'dbt', 'action': 'invocation', 'label': 'start', 'context': [<snowplow_tracker.self_describing_json.SelfDescribingJson object at 0x000002AE5780D310>, <snowplow_tracker.self_describing_json.SelfDescribingJson object at 0x000002AE5A2373E0>, <snowplow_tracker.self_describing_json.SelfDescribingJson object at 0x000002AE5A235640>]}


============================== 13:42:46.775157 | 2d088d45-b829-4342-9a6f-fbdcb1ea3e4b ==============================
[0m13:42:46.775157 [info ] [MainThread]: Running with dbt=1.8.7
[0m13:42:46.775157 [debug] [MainThread]: running dbt with arguments {'printer_width': '80', 'indirect_selection': 'eager', 'log_cache_events': 'False', 'write_json': 'True', 'partial_parse': 'True', 'cache_selected_only': 'False', 'warn_error': 'None', 'fail_fast': 'False', 'version_check': 'True', 'log_path': 'logs', 'profiles_dir': 'C:\\Users\\Iheb\\.dbt', 'debug': 'False', 'use_colors': 'True', 'use_experimental_parser': 'False', 'empty': 'None', 'quiet': 'False', 'no_print': 'None', 'log_format': 'default', 'static_parser': 'True', 'warn_error_options': 'WarnErrorOptions(include=[], exclude=[])', 'invocation_command': 'dbt ', 'target_path': 'None', 'introspect': 'True', 'send_anonymous_usage_stats': 'True'}
[0m13:42:46.783173 [error] [MainThread]: Encountered an error:
Runtime Error
  No dbt_project.yml found at expected path c:\Users\Iheb\Desktop\Analytics\Projects\DeltaStore\deltastore_dbt_transformation\dbt_packages\dbt-utils-1.3.0\integration_tests\dbt_project.yml
  Verify that each entry within packages.yml (and their transitive dependencies) contains a file named dbt_project.yml
  
[0m13:42:46.784905 [debug] [MainThread]: Command `cli deps` failed at 13:42:46.784905 after 0.72 seconds
[0m13:42:46.787395 [debug] [MainThread]: Sending event: {'category': 'dbt', 'action': 'invocation', 'label': 'end', 'context': [<snowplow_tracker.self_describing_json.SelfDescribingJson object at 0x000002AE5A3E7E90>, <snowplow_tracker.self_describing_json.SelfDescribingJson object at 0x000002AE5A291460>, <snowplow_tracker.self_describing_json.SelfDescribingJson object at 0x000002AE5A70B560>]}
[0m13:42:46.787395 [debug] [MainThread]: Flushing usage events
[0m13:46:10.161054 [debug] [MainThread]: Sending event: {'category': 'dbt', 'action': 'invocation', 'label': 'start', 'context': [<snowplow_tracker.self_describing_json.SelfDescribingJson object at 0x0000020338A75700>, <snowplow_tracker.self_describing_json.SelfDescribingJson object at 0x0000020338991F70>, <snowplow_tracker.self_describing_json.SelfDescribingJson object at 0x0000020338B057C0>]}


============================== 13:46:10.169421 | f8184dec-51ea-4ec6-a629-2241725df055 ==============================
[0m13:46:10.169421 [info ] [MainThread]: Running with dbt=1.8.7
[0m13:46:10.169421 [debug] [MainThread]: running dbt with arguments {'printer_width': '80', 'indirect_selection': 'eager', 'log_cache_events': 'False', 'write_json': 'True', 'partial_parse': 'True', 'cache_selected_only': 'False', 'warn_error': 'None', 'debug': 'False', 'version_check': 'True', 'log_path': 'logs', 'fail_fast': 'False', 'profiles_dir': 'C:\\Users\\Iheb\\.dbt', 'use_colors': 'True', 'use_experimental_parser': 'False', 'no_print': 'None', 'quiet': 'False', 'empty': 'None', 'warn_error_options': 'WarnErrorOptions(include=[], exclude=[])', 'introspect': 'True', 'log_format': 'default', 'invocation_command': 'dbt ', 'target_path': 'None', 'static_parser': 'True', 'send_anonymous_usage_stats': 'True'}
[0m13:46:10.175434 [error] [MainThread]: Encountered an error:
Runtime Error
  No dbt_project.yml found at expected path c:\Users\Iheb\Desktop\Analytics\Projects\DeltaStore\deltastore_dbt_transformation\dbt_packages\dbt-utils-1.3.0\integration_tests\dbt_project.yml
  Verify that each entry within packages.yml (and their transitive dependencies) contains a file named dbt_project.yml
  
[0m13:46:10.175434 [debug] [MainThread]: Command `cli deps` failed at 13:46:10.175434 after 1.44 seconds
[0m13:46:10.175434 [debug] [MainThread]: Sending event: {'category': 'dbt', 'action': 'invocation', 'label': 'end', 'context': [<snowplow_tracker.self_describing_json.SelfDescribingJson object at 0x0000020338F3BC20>, <snowplow_tracker.self_describing_json.SelfDescribingJson object at 0x00000203383FC5F0>, <snowplow_tracker.self_describing_json.SelfDescribingJson object at 0x0000020338F82FF0>]}
[0m13:46:10.175434 [debug] [MainThread]: Flushing usage events
